###############################################################################
#
# IAR ELF Linker V3.10.1.201 for STM8                     20/Nov/2018  14:08:55
# Copyright 2010-2017 IAR Systems AB.
#
#    Output file  =  E:\Proj\ODS\CB003 v2\Debug\Exe\cb003.out
#    Map file     =  E:\Proj\ODS\CB003 v2\Debug\List\cb003.map
#    Command line =  
#        -f C:\Users\VIP\AppData\Local\Temp\EW8F08.tmp ("E:\Proj\ODS\CB003
#        v2\Debug\Obj\Device.o" "E:\Proj\ODS\CB003 v2\Debug\Obj\main.o"
#        "E:\Proj\ODS\CB003 v2\Debug\Obj\System.o" --redirect
#        _Printf=_PrintfFullNoMb --redirect _Scanf=_ScanfFullNoMb -o
#        "E:\Proj\ODS\CB003 v2\Debug\Exe\cb003.out" --map "E:\Proj\ODS\CB003
#        v2\Debug\List\cb003.map" --config "C:\Program Files (x86)\IAR
#        Systems\Embedded Workbench 8.0\stm8\config\lnkstm8s003f3.icf"
#        --config_def _CSTACK_SIZE=0x100 --config_def _HEAP_SIZE=0x100 --entry
#        __iar_program_start --debug_lib)
#
###############################################################################

*******************************************************************************
*** RUNTIME MODEL ATTRIBUTES
***

__SystemLibrary            = DLib
__code_model               = small
__core                     = stm8
__data_model               = medium
__dlib_file_descriptor     = 0
__dlib_full_locale_support = 0
__rt_version               = 4


*******************************************************************************
*** PLACEMENT SUMMARY
***

"A0":  place at start of [0x000000-0x0000ff] { rw section .vregs };
"A1":  place at end of [0x000000-0x0003ff] { block CSTACK };
"P2":  place in [from 0x000000 to 0x0003ff] {
          block HEAP, rw section __DLIB_PERTHREAD, rw section .far.bss,
          rw section .far.data, rw section .far.noinit,
          rw section .far_func.textrw, rw section .huge.bss,
          rw section .huge.data, rw section .huge.noinit,
          rw section .huge_func.textrw, rw section .iar.dynexit,
          rw section .near.bss, rw section .near.data, rw section .near.noinit,
          rw section .near_func.textrw };
"A2":  place at start of [0x008000-0x009fff] { block INTVEC };
"P3":  place in [from 0x008000 to 0x009fff] {
          ro section __DLIB_PERTHREAD_init, ro section .far.data_init,
          ro section .far_func.textrw_init, ro section .huge.data_init,
          ro section .huge_func.textrw_init, ro section .iar.init_table,
          ro section .init_array, ro section .near.data_init,
          ro section .near.rodata, ro section .near_func.text,
          ro section .near_func.textrw_init, ro section .tiny.data_init,
          ro section .tiny.rodata_init };
"P4":  place in [from 0x008000 to 0x009fff] {
          ro section .far.rodata, ro section .far_func.text };
"P5":  place in [from 0x008000 to 0x009fff] {
          ro section .huge.rodata, ro section .huge_func.text };
do not initialize {
   rw section .eeprom.noinit, rw section .far.noinit, rw section .huge.noinit,
   rw section .near.noinit, rw section .tiny.noinit, rw section .vregs };

  Section          Kind      Address   Size  Object
  -------          ----      -------   ----  ------
"A0":                                   0xc
  .vregs           uninit   0x000000    0xc  vregs.o [4]
                          - 0x00000c    0xc

"P2":                                  0x35
  .near.bss        zero     0x00000c   0x28  System.o [1]
  .near.bss        zero     0x000034    0x4  System.o [1]
  .near.bss        zero     0x000038    0x2  System.o [1]
  .near.bss        zero     0x00003a    0x2  System.o [1]
  .near.bss        zero     0x00003c    0x1  System.o [1]
  .near.bss        zero     0x00003d    0x1  System.o [1]
  .near.bss        zero     0x00003e    0x1  System.o [1]
  .near.bss        zero     0x00003f    0x1  System.o [1]
  .near.bss        zero     0x000040    0x1  System.o [1]
                          - 0x000041   0x35

"A1":                                 0x100
  CSTACK                    0x000300  0x100  <Block>
    CSTACK         uninit   0x000300  0x100  <Block tail>
                          - 0x000400  0x100

Absolute sections, part 1 of 22:        0x5
  .near.noinit     uninit   0x005006    0x1  System.o [1]
  .near.noinit     uninit   0x005007    0x1  System.o [1]
  .near.noinit     uninit   0x005008    0x1  System.o [1]
  .near.noinit     uninit   0x005009    0x1  System.o [1]
  .near.noinit     uninit   0x00500a    0x1  System.o [1]
                          - 0x00500b    0x5

Absolute sections, part 2 of 22:        0x4
  .near.noinit     uninit   0x00500c    0x1  System.o [1]
  .near.noinit     uninit   0x00500d    0x1  System.o [1]
  .near.noinit     uninit   0x00500e    0x1  System.o [1]
  .near.noinit     uninit   0x00500f    0x1  System.o [1]
                          - 0x005010    0x4

Absolute sections, part 3 of 22:        0x3
  .near.noinit     uninit   0x005011    0x1  System.o [1]
  .near.noinit     uninit   0x005012    0x1  System.o [1]
  .near.noinit     uninit   0x005013    0x1  System.o [1]
                          - 0x005014    0x3

Absolute sections, part 4 of 22:        0x1
  .near.noinit     uninit   0x0050c1    0x1  System.o [1]
                          - 0x0050c2    0x1

Absolute sections, part 5 of 22:        0x3
  .near.noinit     uninit   0x0050c4    0x1  System.o [1]
  .near.noinit     uninit   0x0050c5    0x1  System.o [1]
  .near.noinit     uninit   0x0050c6    0x1  System.o [1]
                          - 0x0050c7    0x3

Absolute sections, part 6 of 22:        0x1
  .near.noinit     uninit   0x0050ca    0x1  System.o [1]
                          - 0x0050cb    0x1

Absolute sections, part 7 of 22:        0x3
  .near.noinit     uninit   0x0050e0    0x1  System.o [1]
  .near.noinit     uninit   0x0050e1    0x1  System.o [1]
  .near.noinit     uninit   0x0050e2    0x1  System.o [1]
                          - 0x0050e3    0x3

Absolute sections, part 8 of 22:        0x7
  .near.noinit     uninit   0x005230    0x1  System.o [1]
  .near.noinit     uninit   0x005231    0x1  System.o [1]
  .near.noinit     uninit   0x005232    0x1  System.o [1]
  .near.noinit     uninit   0x005233    0x1  System.o [1]
  .near.noinit     uninit   0x005234    0x1  System.o [1]
  .near.noinit     uninit   0x005235    0x1  System.o [1]
  .near.noinit     uninit   0x005236    0x1  System.o [1]
                          - 0x005237    0x7

Absolute sections, part 9 of 22:        0x1
  .near.noinit     uninit   0x005250    0x1  System.o [1]
                          - 0x005251    0x1

Absolute sections, part 10 of 22:       0x2
  .near.noinit     uninit   0x005254    0x1  System.o [1]
  .near.noinit     uninit   0x005255    0x1  System.o [1]
                          - 0x005256    0x2

Absolute sections, part 11 of 22:       0x4
  .near.noinit     uninit   0x005260    0x1  System.o [1]
  .near.noinit     uninit   0x005261    0x1  System.o [1]
  .near.noinit     uninit   0x005262    0x1  System.o [1]
  .near.noinit     uninit   0x005263    0x1  System.o [1]
                          - 0x005264    0x4

Absolute sections, part 12 of 22:       0x1
  .near.noinit     uninit   0x005300    0x1  System.o [1]
                          - 0x005301    0x1

Absolute sections, part 13 of 22:       0x2
  .near.noinit     uninit   0x005303    0x1  System.o [1]
  .near.noinit     uninit   0x005304    0x1  System.o [1]
                          - 0x005305    0x2

Absolute sections, part 14 of 22:       0x2
  .near.noinit     uninit   0x005307    0x1  System.o [1]
  .near.noinit     uninit   0x005308    0x1  System.o [1]
                          - 0x005309    0x2

Absolute sections, part 15 of 22:       0x1
  .near.noinit     uninit   0x00530a    0x1  System.o [1]
                          - 0x00530b    0x1

Absolute sections, part 16 of 22:       0x3
  .near.noinit     uninit   0x00530e    0x1  System.o [1]
  .near.noinit     uninit   0x00530f    0x1  System.o [1]
  .near.noinit     uninit   0x005310    0x1  System.o [1]
                          - 0x005311    0x3

Absolute sections, part 17 of 22:       0x1
  .near.noinit     uninit   0x005312    0x1  System.o [1]
                          - 0x005313    0x1

Absolute sections, part 18 of 22:       0x1
  .near.noinit     uninit   0x005314    0x1  System.o [1]
                          - 0x005315    0x1

Absolute sections, part 19 of 22:       0x1
  .near.noinit     uninit   0x005340    0x1  System.o [1]
                          - 0x005341    0x1

Absolute sections, part 20 of 22:       0x2
  .near.noinit     uninit   0x005343    0x1  System.o [1]
  .near.noinit     uninit   0x005344    0x1  System.o [1]
                          - 0x005345    0x2

Absolute sections, part 21 of 22:       0x2
  .near.noinit     uninit   0x005347    0x1  System.o [1]
  .near.noinit     uninit   0x005348    0x1  System.o [1]
                          - 0x005349    0x2

Absolute sections, part 22 of 22:       0x6
  .near.noinit     uninit   0x005400    0x1  System.o [1]
  .near.noinit     uninit   0x005401    0x1  System.o [1]
  .near.noinit     uninit   0x005402    0x1  System.o [1]
  .near.noinit     uninit   0x005403    0x1  System.o [1]
  .near.noinit     uninit   0x005404    0x1  System.o [1]
  .near.noinit     uninit   0x005405    0x1  System.o [1]
                          - 0x005406    0x6

"A2":                                  0x80
  INTVEC                    0x008000   0x80  <Block>
    .intvec        const    0x008000   0x80  interrupt.o [4]
                          - 0x008080   0x80

"P3-P5":                              0x759
  .near_func.text  ro code  0x008080  0x3c7  System.o [1]
  .near_func.text  ro code  0x008447   0x9f  vreg_util.o [4]
  .near_func.text  ro code  0x0084e6   0x89  System.o [1]
  .near_func.text  ro code  0x00856f   0x83  long.o [4]
  .near_func.text  ro code  0x0085f2   0x59  strstr.o [4]
  .near_func.text  ro code  0x00864b   0x45  System.o [1]
  .near_func.text  ro code  0x008690   0x34  System.o [1]
  .near_func.text  ro code  0x0086c4   0x27  System.o [1]
  .iar.init_table  const    0x0086eb    0x8  - Linker created -
  .near_func.text  ro code  0x0086f3   0x1e  init_small.o [4]
  .near_func.text  ro code  0x008711   0x14  init.o [4]
  .near_func.text  ro code  0x008725   0x14  __dbg_xxexit.o [3]
  .near_func.text  ro code  0x008739   0x13  cstartup.o [4]
  .near_func.text  ro code  0x00874c   0x11  System.o [1]
  .near_func.text  ro code  0x00875d    0xd  dc_util.o [4]
  .near.rodata     const    0x00876a    0xc  System.o [1]
  .near_func.text  ro code  0x008776    0xc  main.o [1]
  .near_func.text  ro code  0x008782    0xc  long_util.o [4]
  .near.rodata     const    0x00878e    0xb  System.o [1]
  .near.rodata     const    0x008799    0xb  System.o [1]
  .near.rodata     const    0x0087a4    0xb  System.o [1]
  .near.rodata     const    0x0087af    0x7  System.o [1]
  .near_func.text  ro code  0x0087b6    0x6  char.o [4]
  .near_func.text  ro code  0x0087bc    0x5  short.o [4]
  .near_func.text  ro code  0x0087c1    0x5  cexit.o [4]
  .near.rodata     const    0x0087c6    0x3  System.o [1]
  .near_func.text  ro code  0x0087c9    0x3  System.o [1]
  .near_func.text  ro code  0x0087cc    0x3  interrupt.o [4]
  .near_func.text  ro code  0x0087cf    0x3  low_level_init.o [4]
  .near_func.text  ro code  0x0087d2    0x3  exit.o [4]
  .near_func.text  ro code  0x0087d5    0x3  unhandled_exception.o [4]
  .near_func.text  ro code  0x0087d8    0x1  __dbg_break.o [3]
                          - 0x0087d9  0x759


*******************************************************************************
*** INIT TABLE
***

          Address   Size
          -------   ----
Zero (__iar_zero_init2)
    1 destination range, total size 0x35:
          0x00000c  0x35



*******************************************************************************
*** MODULE SUMMARY
***

    Module                 ro code  ro data  rw data  rw data
                                                       (abs)
    ------                 -------  -------  -------  -------
E:\Proj\ODS\CB003 v2\Debug\Obj: [1]
    System.o                 1 284       55       53       56
    main.o                      12
    ---------------------------------------------------------
    Total:                   1 296       55       53       56

command line: [2]
    ---------------------------------------------------------
    Total:

dbgstm8smd.a: [3]
    __dbg_break.o                1
    __dbg_xxexit.o              20
    ---------------------------------------------------------
    Total:                      21

dlstm8smn.a: [4]
    cexit.o                      5
    char.o                       6
    cstartup.o                  19
    dc_util.o                   13
    exit.o                       3
    init.o                      20
    init_small.o                30
    interrupt.o                  3      128
    long.o                     131
    long_util.o                 12
    low_level_init.o             3
    short.o                      5
    strstr.o                    89
    unhandled_exception.o        3
    vreg_util.o                159
    vregs.o                                       12
    ---------------------------------------------------------
    Total:                     501      128       12

    Linker created                        8      256
-------------------------------------------------------------
    Grand Total:             1 818      191      321       56


*******************************************************************************
*** ENTRY LIST
***

Entry                    Address   Size  Type      Object
-----                    -------   ----  ----      ------
.iar.init_table$$Base   0x0086eb          --   Gb  - Linker created -
.iar.init_table$$Limit  0x0086f3          --   Gb  - Linker created -
?b0                     0x000000         Data  Gb  vregs.o [4]
?b1                     0x000001         Data  Gb  vregs.o [4]
?b10                    0x00000a         Data  Gb  vregs.o [4]
?b11                    0x00000b         Data  Gb  vregs.o [4]
?b2                     0x000002         Data  Gb  vregs.o [4]
?b3                     0x000003         Data  Gb  vregs.o [4]
?b4                     0x000004         Data  Gb  vregs.o [4]
?b5                     0x000005         Data  Gb  vregs.o [4]
?b6                     0x000006         Data  Gb  vregs.o [4]
?b7                     0x000007         Data  Gb  vregs.o [4]
?b8                     0x000008         Data  Gb  vregs.o [4]
?b9                     0x000009         Data  Gb  vregs.o [4]
?dc32_l0                0x00875d         Code  Gb  dc_util.o [4]
?e0                     0x000001         Data  Gb  vregs.o [4]
?e1                     0x000005         Data  Gb  vregs.o [4]
?e2                     0x000009         Data  Gb  vregs.o [4]
?epilogue_w4            0x0084b3         Code  Gb  vreg_util.o [4]
?l0                     0x000000         Data  Gb  vregs.o [4]
?l1                     0x000004         Data  Gb  vregs.o [4]
?l2                     0x000008         Data  Gb  vregs.o [4]
?load32_l0_0x           0x008782         Code  Gb  long_util.o [4]
?mov_e0_e1              0x0084cf         Code  Gb  vreg_util.o [4]
?mov_e1_e0              0x0084dc         Code  Gb  vreg_util.o [4]
?mov_l0_l1              0x0084cc         Code  Gb  vreg_util.o [4]
?mov_l1_l0              0x0084d9         Code  Gb  vreg_util.o [4]
?mov_w0_w2              0x0084b7         Code  Gb  vreg_util.o [4]
?mov_w1_w3              0x0084d2         Code  Gb  vreg_util.o [4]
?mov_w2_w0              0x0084be         Code  Gb  vreg_util.o [4]
?mov_w3_w1              0x0084df         Code  Gb  vreg_util.o [4]
?mov_w4_w0              0x0084c5         Code  Gb  vreg_util.o [4]
?pop_l0                 0x008495         Code  Gb  vreg_util.o [4]
?pop_l1                 0x0084a0         Code  Gb  vreg_util.o [4]
?pop_w4                 0x00845f         Code  Gb  vreg_util.o [4]
?push_l0                0x00846e         Code  Gb  vreg_util.o [4]
?push_l1                0x008473         Code  Gb  vreg_util.o [4]
?push_w4                0x008447         Code  Gb  vreg_util.o [4]
?srl16_x_x_4            0x0087bc         Code  Gb  short.o [4]
?srl32_0x_0x_a          0x0085e4         Code  Gb  long.o [4]
?srl32_l0_l0_a          0x0085e1         Code  Gb  long.o [4]
?srl8_a_a_5             0x0087b7         Code  Gb  char.o [4]
?srl8_a_a_6             0x0087b6         Code  Gb  char.o [4]
?udiv32_l0_dl_l1        0x00856f         Code  Gb  long.o [4]
?udiv32_l0_l0_l1        0x008574         Code  Gb  long.o [4]
?umod32_l1_l0_l1        0x008574         Code  Gb  long.o [4]
?w0                     0x000000         Data  Gb  vregs.o [4]
?w1                     0x000002         Data  Gb  vregs.o [4]
?w2                     0x000004         Data  Gb  vregs.o [4]
?w3                     0x000006         Data  Gb  vregs.o [4]
?w4                     0x000008         Data  Gb  vregs.o [4]
?w5                     0x00000a         Data  Gb  vregs.o [4]
ADC_Config              0x008690   0x34  Code  Gb  System.o [1]
ADC_DRH                 0x005404    0x1  Data  Gb  System.o [1]
ADC_DRL                 0x005405    0x1  Data  Gb  System.o [1]
CLK_PCKENR2             0x0050ca    0x1  Data  Gb  System.o [1]
CLK_SWR                 0x0050c4    0x1  Data  Gb  System.o [1]
CSTACK$$Base            0x000300          --   Gb  - Linker created -
CSTACK$$Limit           0x000400          --   Gb  - Linker created -
Clock_Config            0x0086c4   0x27  Code  Gb  System.o [1]
CountConnect            0x00003e    0x1  Data  Gb  System.o [1]
DAC_Data                0x008080    0xf  Code  Gb  System.o [1]
EventMessedg            0x00003d    0x1  Data  Gb  System.o [1]
GPIO_Config             0x0084e6   0x89  Code  Gb  System.o [1]
INTVEC$$Base            0x008000          --   Gb  - Linker created -
INTVEC$$Limit           0x008080          --   Gb  - Linker created -
IWDG_KR                 0x0050e0    0x1  Data  Gb  System.o [1]
IWDG_RLR                0x0050e2    0x1  Data  Gb  System.o [1]
InitMCU                 0x008383   0x32  Code  Gb  System.o [1]
PWM_Config              0x00864b   0x45  Code  Gb  System.o [1]
REG_CALL                0x00003a    0x2  Data  Gb  System.o [1]
REG_ID                  0x000038    0x2  Data  Lc  System.o [1]
REG_Proc                0x0083b5   0x92  Code  Gb  System.o [1]
REG_State               0x000034    0x4  Data  Gb  System.o [1]
Region$$Table$$Base     0x0086eb          --   Gb  - Linker created -
Region$$Table$$Limit    0x0086f3          --   Gb  - Linker created -
SearchSTR               0x0081ad  0x144  Code  Gb  System.o [1]
SendCAN_String          0x008161   0x4c  Code  Gb  System.o [1]
TIM1_ARRH               0x005262    0x1  Data  Gb  System.o [1]
TIM1_ARRL               0x005263    0x1  Data  Gb  System.o [1]
TIM1_PSCRH              0x005260    0x1  Data  Gb  System.o [1]
TIM1_PSCRL              0x005261    0x1  Data  Gb  System.o [1]
TIM1_UP_OVF_IRQHandler  0x00810a   0x41  Code  Gb  System.o [1]
TIM2_ARRH               0x00530f    0x1  Data  Gb  System.o [1]
TIM2_ARRL               0x005310    0x1  Data  Gb  System.o [1]
TIM2_CCR1L              0x005312    0x1  Data  Gb  System.o [1]
TIM2_CCR2L              0x005314    0x1  Data  Gb  System.o [1]
TIM4_ARR                0x005348    0x1  Data  Gb  System.o [1]
TIM4_UPD_OVF_IRQHandler
                        0x00815c    0x5  Code  Gb  System.o [1]
Timer16_Init            0x00808f   0x19  Code  Gb  System.o [1]
Timer3_Init_10ms        0x00814b   0x11  Code  Gb  System.o [1]
UART1_BRR1              0x005232    0x1  Data  Gb  System.o [1]
UART1_BRR2              0x005233    0x1  Data  Gb  System.o [1]
UART1_DR                0x005231    0x1  Data  Gb  System.o [1]
UART_Config             0x0080a8   0x62  Code  Gb  System.o [1]
USART_BUFF              0x00000c   0x28  Data  Gb  System.o [1]
WatchDogInit            0x00874c   0x11  Code  Gb  System.o [1]
_A_ADC_CR1              0x005401    0x1  Data  Gb  System.o [1]
_A_ADC_CR2              0x005402    0x1  Data  Gb  System.o [1]
_A_ADC_CR3              0x005403    0x1  Data  Gb  System.o [1]
_A_ADC_CSR              0x005400    0x1  Data  Gb  System.o [1]
_A_CLK_CKDIVR           0x0050c6    0x1  Data  Gb  System.o [1]
_A_CLK_ECKR             0x0050c1    0x1  Data  Gb  System.o [1]
_A_CLK_SWCR             0x0050c5    0x1  Data  Gb  System.o [1]
_A_IWDG_PR              0x0050e1    0x1  Data  Gb  System.o [1]
_A_PB_CR1               0x005008    0x1  Data  Gb  System.o [1]
_A_PB_CR2               0x005009    0x1  Data  Gb  System.o [1]
_A_PB_DDR               0x005007    0x1  Data  Gb  System.o [1]
_A_PB_IDR               0x005006    0x1  Data  Gb  System.o [1]
_A_PC_CR1               0x00500d    0x1  Data  Gb  System.o [1]
_A_PC_CR2               0x00500e    0x1  Data  Gb  System.o [1]
_A_PC_DDR               0x00500c    0x1  Data  Gb  System.o [1]
_A_PC_ODR               0x00500a    0x1  Data  Gb  System.o [1]
_A_PD_CR1               0x005012    0x1  Data  Gb  System.o [1]
_A_PD_CR2               0x005013    0x1  Data  Gb  System.o [1]
_A_PD_DDR               0x005011    0x1  Data  Gb  System.o [1]
_A_PD_ODR               0x00500f    0x1  Data  Gb  System.o [1]
_A_TIM1_CR1             0x005250    0x1  Data  Gb  System.o [1]
_A_TIM1_IER             0x005254    0x1  Data  Gb  System.o [1]
_A_TIM1_SR1             0x005255    0x1  Data  Gb  System.o [1]
_A_TIM2_CCER1           0x00530a    0x1  Data  Gb  System.o [1]
_A_TIM2_CCMR1           0x005307    0x1  Data  Gb  System.o [1]
_A_TIM2_CCMR2           0x005308    0x1  Data  Gb  System.o [1]
_A_TIM2_CR1             0x005300    0x1  Data  Gb  System.o [1]
_A_TIM2_IER             0x005303    0x1  Data  Gb  System.o [1]
_A_TIM2_PSCR            0x00530e    0x1  Data  Gb  System.o [1]
_A_TIM2_SR1             0x005304    0x1  Data  Gb  System.o [1]
_A_TIM4_CR1             0x005340    0x1  Data  Gb  System.o [1]
_A_TIM4_IER             0x005343    0x1  Data  Gb  System.o [1]
_A_TIM4_PSCR            0x005347    0x1  Data  Gb  System.o [1]
_A_TIM4_SR              0x005344    0x1  Data  Gb  System.o [1]
_A_UART1_CR1            0x005234    0x1  Data  Gb  System.o [1]
_A_UART1_CR2            0x005235    0x1  Data  Gb  System.o [1]
_A_UART1_CR3            0x005236    0x1  Data  Gb  System.o [1]
_A_UART1_SR             0x005230    0x1  Data  Gb  System.o [1]
__DebugBreak            0x0087d8    0x1  Code  Gb  __dbg_break.o [3]
__exit                  0x008725   0x14  Code  Gb  __dbg_xxexit.o [3]
__iar_Strstr            0x0085f2   0x59  Code  Gb  strstr.o [4]
__iar_data_init2        0x008711   0x14  Code  Gb  init.o [4]
__iar_program_start     0x008739         Code  Gb  cstartup.o [4]
__iar_unhandled_exception
                        0x0087d5         Code  Gb  unhandled_exception.o [4]
__iar_zero_init2        0x0086f3         Code  Gb  init_small.o [4]
__intvec                0x008000         Data  Gb  interrupt.o [4]
__low_level_init        0x0087cf    0x3  Code  Gb  low_level_init.o [4]
_exit                   0x0087c1         Code  Gb  cexit.o [4]
_interrupt_13           0x00810a         Code  Gb  System.o [1]
_interrupt_20           0x0082f1         Code  Gb  System.o [1]
_interrupt_25           0x00815c         Code  Gb  System.o [1]
button                  0x00003c    0x1  Data  Lc  System.o [1]
count                   0x00003f    0x1  Data  Gb  System.o [1]
exit                    0x0087d2    0x3  Code  Gb  exit.o [4]
main                    0x008776    0xc  Code  Gb  main.o [1]
strstr                  0x0087c9    0x3  Code  Gb  System.o [1]
temp                    0x000040    0x1  Data  Gb  System.o [1]
uart_rx_interrupt       0x0082f1   0x92  Code  Gb  System.o [1]


[1] = E:\Proj\ODS\CB003 v2\Debug\Obj
[2] = command line
[3] = dbgstm8smd.a
[4] = dlstm8smn.a

  1 818 bytes of readonly  code memory
    191 bytes of readonly  data memory
    321 bytes of readwrite data memory (+ 56 absolute)

Errors: none
Warnings: none
